Release 14.7 - xst P.20131013 (nt64)
Copyright (c) 1995-2013 Xilinx, Inc.  All rights reserved.
--> Parameter TMPDIR set to xst/projnav.tmp


Total REAL time to Xst completion: 0.00 secs
Total CPU time to Xst completion: 0.14 secs
 
--> Parameter xsthdpdir set to xst


Total REAL time to Xst completion: 0.00 secs
Total CPU time to Xst completion: 0.14 secs
 
--> Reading design: X7Seg.prj

TABLE OF CONTENTS
  1) Synthesis Options Summary
  2) HDL Compilation
  3) Design Hierarchy Analysis
  4) HDL Analysis
  5) HDL Synthesis
     5.1) HDL Synthesis Report
  6) Advanced HDL Synthesis
     6.1) Advanced HDL Synthesis Report
  7) Low Level Synthesis
  8) Partition Report
  9) Final Report
	9.1) Device utilization summary
	9.2) Partition Resource Summary
	9.3) TIMING REPORT


=========================================================================
*                      Synthesis Options Summary                        *
=========================================================================
---- Source Parameters
Input File Name                    : "X7Seg.prj"
Input Format                       : mixed
Ignore Synthesis Constraint File   : NO

---- Target Parameters
Output File Name                   : "X7Seg"
Output Format                      : NGC
Target Device                      : xc3s100e-5-cp132

---- Source Options
Top Module Name                    : X7Seg
Automatic FSM Extraction           : YES
FSM Encoding Algorithm             : Auto
Safe Implementation                : No
FSM Style                          : LUT
RAM Extraction                     : Yes
RAM Style                          : Auto
ROM Extraction                     : Yes
Mux Style                          : Auto
Decoder Extraction                 : YES
Priority Encoder Extraction        : Yes
Shift Register Extraction          : YES
Logical Shifter Extraction         : YES
XOR Collapsing                     : YES
ROM Style                          : Auto
Mux Extraction                     : Yes
Resource Sharing                   : YES
Asynchronous To Synchronous        : NO
Multiplier Style                   : Auto
Automatic Register Balancing       : No

---- Target Options
Add IO Buffers                     : YES
Global Maximum Fanout              : 100000
Add Generic Clock Buffer(BUFG)     : 24
Register Duplication               : YES
Slice Packing                      : YES
Optimize Instantiated Primitives   : NO
Use Clock Enable                   : Yes
Use Synchronous Set                : Yes
Use Synchronous Reset              : Yes
Pack IO Registers into IOBs        : Auto
Equivalent register Removal        : YES

---- General Options
Optimization Goal                  : Speed
Optimization Effort                : 1
Keep Hierarchy                     : No
Netlist Hierarchy                  : As_Optimized
RTL Output                         : Yes
Global Optimization                : AllClockNets
Read Cores                         : YES
Write Timing Constraints           : NO
Cross Clock Analysis               : NO
Hierarchy Separator                : /
Bus Delimiter                      : <>
Case Specifier                     : Maintain
Slice Utilization Ratio            : 100
BRAM Utilization Ratio             : 100
Verilog 2001                       : YES
Auto BRAM Packing                  : NO
Slice Utilization Ratio Delta      : 5

=========================================================================


=========================================================================
*                          HDL Compilation                              *
=========================================================================
Compiling vhdl file "D:/Labs digital 1/X7Seg/X7Seg.vhd" in Library work.
Architecture behavioral of Entity x7seg is up to date.

=========================================================================
*                     Design Hierarchy Analysis                         *
=========================================================================
Analyzing hierarchy for entity <X7Seg> in library <work> (architecture <behavioral>).


=========================================================================
*                            HDL Analysis                               *
=========================================================================
Analyzing Entity <X7Seg> in library <work> (Architecture <behavioral>).
Entity <X7Seg> analyzed. Unit <X7Seg> generated.


=========================================================================
*                           HDL Synthesis                               *
=========================================================================

Performing bidirectional port resolution...

Synthesizing Unit <X7Seg>.
    Related source file is "D:/Labs digital 1/X7Seg/X7Seg.vhd".
WARNING:Xst:646 - Signal <aen> is assigned but never used. This unconnected signal will be trimmed during the optimization process.
    Found 16x7-bit ROM for signal <a_to_g>.
    Found 20-bit up counter for signal <clkdiv>.
    Found 4-bit 4-to-1 multiplexer for signal <digit>.
    Summary:
	inferred   1 ROM(s).
	inferred   1 Counter(s).
	inferred   4 Multiplexer(s).
Unit <X7Seg> synthesized.


=========================================================================
HDL Synthesis Report

Macro Statistics
# ROMs                                                 : 1
 16x7-bit ROM                                          : 1
# Counters                                             : 1
 20-bit up counter                                     : 1
# Multiplexers                                         : 1
 4-bit 4-to-1 multiplexer                              : 1

=========================================================================

=========================================================================
*                       Advanced HDL Synthesis                          *
=========================================================================


=========================================================================
Advanced HDL Synthesis Report

Macro Statistics
# ROMs                                                 : 1
 16x7-bit ROM                                          : 1
# Counters                                             : 1
 20-bit up counter                                     : 1
# Multiplexers                                         : 1
 4-bit 4-to-1 multiplexer                              : 1

=========================================================================

=========================================================================
*                         Low Level Synthesis                           *
=========================================================================

Optimizing unit <X7Seg> ...

Mapping all equations...
Building and optimizing final netlist ...
Found area constraint ratio of 100 (+ 5) on block X7Seg, actual ratio is 2.

Final Macro Processing ...

=========================================================================
Final Register Report

Macro Statistics
# Registers                                            : 20
 Flip-Flops                                            : 20

=========================================================================

=========================================================================
*                           Partition Report                            *
=========================================================================

Partition Implementation Status
-------------------------------

  No Partitions were found in this design.

-------------------------------

=========================================================================
*                            Final Report                               *
=========================================================================
Final Results
RTL Top Level Output File Name     : X7Seg.ngr
Top Level Output File Name         : X7Seg
Output Format                      : NGC
Optimization Goal                  : Speed
Keep Hierarchy                     : No

Design Statistics
# IOs                              : 29

Cell Usage :
# BELS                             : 84
#      GND                         : 1
#      INV                         : 1
#      LUT1                        : 19
#      LUT2                        : 4
#      LUT3                        : 8
#      LUT4                        : 7
#      MUXCY                       : 19
#      MUXF5                       : 4
#      VCC                         : 1
#      XORCY                       : 20
# FlipFlops/Latches                : 20
#      FDC                         : 20
# Clock Buffers                    : 1
#      BUFGP                       : 1
# IO Buffers                       : 28
#      IBUF                        : 17
#      OBUF                        : 11
=========================================================================

Device utilization summary:
---------------------------

Selected Device : 3s100ecp132-5 

 Number of Slices:                       20  out of    960     2%  
 Number of Slice Flip Flops:             20  out of   1920     1%  
 Number of 4 input LUTs:                 39  out of   1920     2%  
 Number of IOs:                          29
 Number of bonded IOBs:                  29  out of     83    34%  
 Number of GCLKs:                         1  out of     24     4%  

---------------------------
Partition Resource Summary:
---------------------------

  No Partitions were found in this design.

---------------------------


=========================================================================
TIMING REPORT

NOTE: THESE TIMING NUMBERS ARE ONLY A SYNTHESIS ESTIMATE.
      FOR ACCURATE TIMING INFORMATION PLEASE REFER TO THE TRACE REPORT
      GENERATED AFTER PLACE-and-ROUTE.

Clock Information:
------------------
-----------------------------------+------------------------+-------+
Clock Signal                       | Clock buffer(FF name)  | Load  |
-----------------------------------+------------------------+-------+
clk                                | BUFGP                  | 20    |
-----------------------------------+------------------------+-------+

Asynchronous Control Signals Information:
----------------------------------------
-----------------------------------+------------------------+-------+
Control Signal                     | Buffer(FF name)        | Load  |
-----------------------------------+------------------------+-------+
clr                                | IBUF                   | 20    |
-----------------------------------+------------------------+-------+

Timing Summary:
---------------
Speed Grade: -5

   Minimum period: 3.882ns (Maximum Frequency: 257.632MHz)
   Minimum input arrival time before clock: No path found
   Maximum output required time after clock: 7.283ns
   Maximum combinational path delay: 7.314ns

Timing Detail:
--------------
All values displayed in nanoseconds (ns)

=========================================================================
Timing constraint: Default period analysis for Clock 'clk'
  Clock period: 3.882ns (frequency: 257.632MHz)
  Total number of paths / destination ports: 210 / 20
-------------------------------------------------------------------------
Delay:               3.882ns (Levels of Logic = 20)
  Source:            clkdiv_1 (FF)
  Destination:       clkdiv_19 (FF)
  Source Clock:      clk rising
  Destination Clock: clk rising

  Data Path: clkdiv_1 to clkdiv_19
                                Gate     Net
    Cell:in->out      fanout   Delay   Delay  Logical Name (Net Name)
    ----------------------------------------  ------------
     FDC:C->Q              1   0.514   0.509  clkdiv_1 (clkdiv_1)
     LUT1:I0->O            1   0.612   0.000  Mcount_clkdiv_cy<1>_rt (Mcount_clkdiv_cy<1>_rt)
     MUXCY:S->O            1   0.404   0.000  Mcount_clkdiv_cy<1> (Mcount_clkdiv_cy<1>)
     MUXCY:CI->O           1   0.051   0.000  Mcount_clkdiv_cy<2> (Mcount_clkdiv_cy<2>)
     MUXCY:CI->O           1   0.051   0.000  Mcount_clkdiv_cy<3> (Mcount_clkdiv_cy<3>)
     MUXCY:CI->O           1   0.051   0.000  Mcount_clkdiv_cy<4> (Mcount_clkdiv_cy<4>)
     MUXCY:CI->O           1   0.051   0.000  Mcount_clkdiv_cy<5> (Mcount_clkdiv_cy<5>)
     MUXCY:CI->O           1   0.051   0.000  Mcount_clkdiv_cy<6> (Mcount_clkdiv_cy<6>)
     MUXCY:CI->O           1   0.051   0.000  Mcount_clkdiv_cy<7> (Mcount_clkdiv_cy<7>)
     MUXCY:CI->O           1   0.051   0.000  Mcount_clkdiv_cy<8> (Mcount_clkdiv_cy<8>)
     MUXCY:CI->O           1   0.051   0.000  Mcount_clkdiv_cy<9> (Mcount_clkdiv_cy<9>)
     MUXCY:CI->O           1   0.051   0.000  Mcount_clkdiv_cy<10> (Mcount_clkdiv_cy<10>)
     MUXCY:CI->O           1   0.051   0.000  Mcount_clkdiv_cy<11> (Mcount_clkdiv_cy<11>)
     MUXCY:CI->O           1   0.051   0.000  Mcount_clkdiv_cy<12> (Mcount_clkdiv_cy<12>)
     MUXCY:CI->O           1   0.051   0.000  Mcount_clkdiv_cy<13> (Mcount_clkdiv_cy<13>)
     MUXCY:CI->O           1   0.051   0.000  Mcount_clkdiv_cy<14> (Mcount_clkdiv_cy<14>)
     MUXCY:CI->O           1   0.051   0.000  Mcount_clkdiv_cy<15> (Mcount_clkdiv_cy<15>)
     MUXCY:CI->O           1   0.051   0.000  Mcount_clkdiv_cy<16> (Mcount_clkdiv_cy<16>)
     MUXCY:CI->O           1   0.051   0.000  Mcount_clkdiv_cy<17> (Mcount_clkdiv_cy<17>)
     MUXCY:CI->O           0   0.051   0.000  Mcount_clkdiv_cy<18> (Mcount_clkdiv_cy<18>)
     XORCY:CI->O           1   0.699   0.000  Mcount_clkdiv_xor<19> (Result<19>)
     FDC:D                     0.268          clkdiv_19
    ----------------------------------------
    Total                      3.882ns (3.373ns logic, 0.509ns route)
                                       (86.9% logic, 13.1% route)

=========================================================================
Timing constraint: Default OFFSET OUT AFTER for Clock 'clk'
  Total number of paths / destination ports: 92 / 11
-------------------------------------------------------------------------
Offset:              7.283ns (Levels of Logic = 4)
  Source:            clkdiv_18 (FF)
  Destination:       a_to_g<6> (PAD)
  Source Clock:      clk rising

  Data Path: clkdiv_18 to a_to_g<6>
                                Gate     Net
    Cell:in->out      fanout   Delay   Delay  Logical Name (Net Name)
    ----------------------------------------  ------------
     FDC:C->Q             13   0.514   0.988  clkdiv_18 (clkdiv_18)
     LUT3:I0->O            1   0.612   0.000  Mmux_digit_3 (Mmux_digit_3)
     MUXF5:I1->O           7   0.278   0.754  Mmux_digit_2_f5 (digit<0>)
     LUT4:I0->O            1   0.612   0.357  Mrom_a_to_g111 (a_to_g_1_OBUF)
     OBUF:I->O                 3.169          a_to_g_1_OBUF (a_to_g<1>)
    ----------------------------------------
    Total                      7.283ns (5.185ns logic, 2.098ns route)
                                       (71.2% logic, 28.8% route)

=========================================================================
Timing constraint: Default path analysis
  Total number of paths / destination ports: 112 / 7
-------------------------------------------------------------------------
Delay:               7.314ns (Levels of Logic = 5)
  Source:            x<0> (PAD)
  Destination:       a_to_g<6> (PAD)

  Data Path: x<0> to a_to_g<6>
                                Gate     Net
    Cell:in->out      fanout   Delay   Delay  Logical Name (Net Name)
    ----------------------------------------  ------------
     IBUF:I->O             1   1.106   0.426  x_0_IBUF (x_0_IBUF)
     LUT3:I1->O            1   0.612   0.000  Mmux_digit_4 (Mmux_digit_4)
     MUXF5:I0->O           7   0.278   0.754  Mmux_digit_2_f5 (digit<0>)
     LUT4:I0->O            1   0.612   0.357  Mrom_a_to_g111 (a_to_g_1_OBUF)
     OBUF:I->O                 3.169          a_to_g_1_OBUF (a_to_g<1>)
    ----------------------------------------
    Total                      7.314ns (5.777ns logic, 1.537ns route)
                                       (79.0% logic, 21.0% route)

=========================================================================


Total REAL time to Xst completion: 8.00 secs
Total CPU time to Xst completion: 7.89 secs
 
--> 

Total memory usage is 4505196 kilobytes

Number of errors   :    0 (   0 filtered)
Number of warnings :    1 (   0 filtered)
Number of infos    :    0 (   0 filtered)

