EN divider NULL C:/Users/David/Documents/LabsFPGADigital/LabFPGA3/Div4bLogic/Div4bLogic.vhd sub00/vhpl01 1683864617
AR divider behavioral C:/Users/David/Documents/LabsFPGADigital/LabFPGA3/Div4bLogic/Div4bLogic.vhd sub00/vhpl02 1683864618
EN div4 NULL /home/ise/VirtualBox/Div4bLogic/Div4bLogic.vhd sub00/vhpl00 1683824221
