AR sub4blogic behavioral C:/Users/David/Documents/LabsFPGADigital/LabFPGA3/Sub4bLogic/Sub4bLogic.vhd sub00/vhpl01 1683864735
EN sub4blogic NULL C:/Users/David/Documents/LabsFPGADigital/LabFPGA3/Sub4bLogic/Sub4bLogic.vhd sub00/vhpl00 1683864734
AR adder1b behavioral C:/Users/David/Documents/LabsFPGADigital/LabFPGA3/Sub4bLogic/Adder1b.vhd sub00/vhpl03 1683864733
EN adder1b NULL C:/Users/David/Documents/LabsFPGADigital/LabFPGA3/Sub4bLogic/Adder1b.vhd sub00/vhpl02 1683864732
