V3 7
FL C:/Users/David/Documents/LabsFPGADigital/LabFPGA3/Sub4bLogic/Adder1b.vhd 2023/05/04.14:11:07 P.20131013
EN work/Adder1b 1683864732 \
      FL C:/Users/David/Documents/LabsFPGADigital/LabFPGA3/Sub4bLogic/Adder1b.vhd \
      PB ieee/std_logic_1164 1381692176
AR work/Adder1b/Behavioral 1683864733 \
      FL C:/Users/David/Documents/LabsFPGADigital/LabFPGA3/Sub4bLogic/Adder1b.vhd \
      EN work/Adder1b 1683864732
FL C:/Users/David/Documents/LabsFPGADigital/LabFPGA3/Sub4bLogic/Sub4bLogic.vhd 2023/05/10.16:30:14 P.20131013
EN work/Sub4bLogic 1683864734 \
      FL C:/Users/David/Documents/LabsFPGADigital/LabFPGA3/Sub4bLogic/Sub4bLogic.vhd \
      PB ieee/std_logic_1164 1381692176
AR work/Sub4bLogic/Behavioral 1683864735 \
      FL C:/Users/David/Documents/LabsFPGADigital/LabFPGA3/Sub4bLogic/Sub4bLogic.vhd \
      EN work/Sub4bLogic 1683864734 CP Adder1b
