V3 11
FL C:/Users/David/Documents/LabsFPGADigital/LabFPGA3/Mult4bLogic/Adder1b.vhd 2023/05/11.13:33:02 P.20131013
EN work/Adder1b 1683864782 \
      FL C:/Users/David/Documents/LabsFPGADigital/LabFPGA3/Mult4bLogic/Adder1b.vhd \
      PB ieee/std_logic_1164 1381692176
AR work/Adder1b/Behavioral 1683864783 \
      FL C:/Users/David/Documents/LabsFPGADigital/LabFPGA3/Mult4bLogic/Adder1b.vhd \
      EN work/Adder1b 1683864782
FL C:/Users/David/Documents/LabsFPGADigital/LabFPGA3/Mult4bLogic/Adder4bLogic.vhd 2023/05/09.11:03:05 P.20131013
EN work/Adder4bLogic 1683864784 \
      FL C:/Users/David/Documents/LabsFPGADigital/LabFPGA3/Mult4bLogic/Adder4bLogic.vhd \
      PB ieee/std_logic_1164 1381692176
AR work/Adder4bLogic/Behavioral 1683864785 \
      FL C:/Users/David/Documents/LabsFPGADigital/LabFPGA3/Mult4bLogic/Adder4bLogic.vhd \
      EN work/Adder4bLogic 1683864784 CP Adder1b
FL C:/Users/David/Documents/LabsFPGADigital/LabFPGA3/Mult4bLogic/Mult4bLogic.vhd 2023/05/11.17:28:46 P.20131013
EN work/Mult4bLogic 1683864786 \
      FL C:/Users/David/Documents/LabsFPGADigital/LabFPGA3/Mult4bLogic/Mult4bLogic.vhd \
      PB ieee/std_logic_1164 1381692176
AR work/Mult4bLogic/Behavioral 1683864787 \
      FL C:/Users/David/Documents/LabsFPGADigital/LabFPGA3/Mult4bLogic/Mult4bLogic.vhd \
      EN work/Mult4bLogic 1683864786 CP Adder4bLogic
