AR adder4blogic behavioral "E:/Nueva carpeta/Adder4bLogic/Adder4bLogic.vhd" sub00/vhpl03 1683229318
AR adder1b behavioral "E:/Nueva carpeta/Adder4bLogic/Adder1b.vhd" sub00/vhpl01 1683229316
EN adder1b NULL "E:/Nueva carpeta/Adder4bLogic/Adder1b.vhd" sub00/vhpl00 1683229315
EN adder4blogic NULL "E:/Nueva carpeta/Adder4bLogic/Adder4bLogic.vhd" sub00/vhpl02 1683229317
