AR mult4blogic behavioral C:/Users/David/Documents/LabsFPGADigital/LabFPGA5/Mux-Top/Mult4bLogic.vhd sub00/vhpl07 1686151565
AR adder4blogic behavioral C:/Users/David/Documents/LabsFPGADigital/LabFPGA5/Mux-Top/Adder4bLogic.vhd sub00/vhpl03 1686151561
EN x7seg NULL C:/Users/David/Documents/LabsFPGADigital/LabFPGA5/Mux-Top/X7Seg.vhd sub00/vhpl14 1686151572
EN divider NULL C:/Users/David/Documents/LabsFPGADigital/LabFPGA5/Mux-Top/Div4bLogic.vhd sub00/vhpl08 1686151566
AR sub4blogic behavioral C:/Users/David/Documents/LabsFPGADigital/LabFPGA5/Mux-Top/Sub4bLogic.vhd sub00/vhpl05 1686151563
AR muxn behavioral C:/Users/David/Documents/LabsFPGADigital/LabFPGA5/Mux-Top/MuxN.vhd sub00/vhpl11 1686151569
AR divider behavioral C:/Users/David/Documents/LabsFPGADigital/LabFPGA5/Mux-Top/Div4bLogic.vhd sub00/vhpl09 1686151567
EN sub4blogic NULL C:/Users/David/Documents/LabsFPGADigital/LabFPGA5/Mux-Top/Sub4bLogic.vhd sub00/vhpl04 1686151562
EN muxn NULL C:/Users/David/Documents/LabsFPGADigital/LabFPGA5/Mux-Top/MuxN.vhd sub00/vhpl10 1686151568
AR adder1b behavioral C:/Users/David/Documents/LabsFPGADigital/LabFPGA5/Mux-Top/Adder1b.vhd sub00/vhpl01 1686151559
EN bin2bcd NULL C:/Users/David/Documents/LabsFPGADigital/LabFPGA5/Mux-Top/BIN2BCD.vhd sub00/vhpl12 1686151570
EN mux_top NULL C:/Users/David/Documents/LabsFPGADigital/LabFPGA5/Mux-Top/Mux-Top.vhd sub00/vhpl16 1686151574
AR mux_top behavioral C:/Users/David/Documents/LabsFPGADigital/LabFPGA5/Mux-Top/Mux-Top.vhd sub00/vhpl17 1686151575
AR bin2bcd behavioral C:/Users/David/Documents/LabsFPGADigital/LabFPGA5/Mux-Top/BIN2BCD.vhd sub00/vhpl13 1686151571
AR x7seg behavioral C:/Users/David/Documents/LabsFPGADigital/LabFPGA5/Mux-Top/X7Seg.vhd sub00/vhpl15 1686151573
EN mult4blogic NULL C:/Users/David/Documents/LabsFPGADigital/LabFPGA5/Mux-Top/Mult4bLogic.vhd sub00/vhpl06 1686151564
EN adder1b NULL C:/Users/David/Documents/LabsFPGADigital/LabFPGA5/Mux-Top/Adder1b.vhd sub00/vhpl00 1686151558
EN adder4blogic NULL C:/Users/David/Documents/LabsFPGADigital/LabFPGA5/Mux-Top/Adder4bLogic.vhd sub00/vhpl02 1686151560
