V3 3
FL C:/Users/David/Documents/LabsFPGADigital/LabFPGA3/Adder4b/Adder4b.vhd 2023/05/09.10:41:45 P.20131013
EN work/Adder4b 1683864423 \
      FL C:/Users/David/Documents/LabsFPGADigital/LabFPGA3/Adder4b/Adder4b.vhd \
      PB ieee/std_logic_1164 1381692176 PB ieee/STD_LOGIC_UNSIGNED 1381692179
AR work/Adder4b/Behavioral 1683864424 \
      FL C:/Users/David/Documents/LabsFPGADigital/LabFPGA3/Adder4b/Adder4b.vhd \
      EN work/Adder4b 1683864423
